apiVersion: kudo.dev/v1beta1
kind: Operator
metadata:
  name: zookeeper
spec:
  url: https://zookeeper.apache.org/
  maintainers:
  - name: Alena Varkockova
    email: avarkockova@mesosphere.com
  - name: Tom Runyon
    email: runyontr@gmail.com
  - name: Ken Sipe
    email: kensipe@gmail.com
  kudoVersion: 0.2.0
  kubernetesVersion: 1.15.0
