List of current installed operators in namespace "default":
.
└── some-operator

