List of current installed instances in namespace "default":
.
└── test

