List of current installed operatorversions in namespace "default":
.
└── some-operator-0.1.0

