---
apiVersion: apiextensions.k8s.io/v1beta1
kind: CustomResourceDefinition
metadata:
  creationTimestamp: null
  labels:
    app: kudo-manager
    controller-tools.k8s.io: "1.0"
  name: operators.kudo.dev
spec:
  group: kudo.dev
  names:
    kind: Operator
    plural: operators
    singular: operator
  scope: Namespaced
  validation:
    openAPIV3Schema:
      properties:
        apiVersion:
          type: string
        kind:
          type: string
        meta:
          type: object
        spec:
          properties:
            description:
              type: string
            kubernetesVersion:
              type: string
            kudoVersion:
              type: string
            maintainers:
              items:
                properties:
                  email:
                    type: string
                  name:
                    type: string
                type: object
              type: object
            url:
              type: string
          type: object
        status:
          type: object
      type: object
  version: v1alpha1
status:
  acceptedNames:
    kind: ""
    plural: ""
  conditions: []
  storedVersions: []

---
apiVersion: apiextensions.k8s.io/v1beta1
kind: CustomResourceDefinition
metadata:
  creationTimestamp: null
  labels:
    app: kudo-manager
    controller-tools.k8s.io: "1.0"
  name: operatorversions.kudo.dev
spec:
  group: kudo.dev
  names:
    kind: OperatorVersion
    plural: operatorversions
    singular: operatorversion
  scope: Namespaced
  validation:
    openAPIV3Schema:
      properties:
        apiVersion:
          type: string
        kind:
          type: string
        meta:
          type: object
        spec:
          properties:
            connectionString:
              description: ConnectionString defines a mustached string that can be
                used to connect to an instance of the Operator
              type: string
            crdVersion:
              type: string
            dependencies:
              items:
                properties:
                  crdVersion:
                    description: 'Version captures the requirements for what versions
                      of the above object are allowed Example: ^3.1.4'
                    type: string
                  referenceName:
                    description: Name specifies the name of the dependency.  Referenced
                      via this in defaults.config
                    type: string
                required:
                - referenceName
                - crdVersion
                type: object
              type: array
            operator:
              type: object
            parameters:
              items:
                properties:
                  default:
                    description: Default is a default value if no paramter is provided
                      by the instance
                    type: string
                  description:
                    description: Description captures a longer description of how
                      the variable will be used
                    type: string
                  displayName:
                    description: Human friendly crdVersion of the parameter name
                    type: string
                  name:
                    description: 'Name is the string that should be used in the template
                      file for example, if `name: COUNT` then using the variable `.Params.COUNT`'
                    type: string
                  required:
                    description: Required specifies if the parameter is required to
                      be provided by all instances, or whether a default can suffice
                    type: boolean
                  trigger:
                    description: Trigger identifies the plan that gets executed when
                      this parameter changes in the Instance object. Default is `update`
                      if present, or `deploy` if not present
                    type: string
                type: object
              type: array
            plans:
              description: Plans specify a map a plans that specify how to
              type: object
            tasks:
              type: object
            templates:
              description: List of go templates YAML files that define the application
                operator instance
              type: object
            upgradableFrom:
              description: UpgradableFrom lists all OperatorVersions that can upgrade
                to this OperatorVersion
              items:
                type: object
              type: array
          type: object
        status:
          type: object
      type: object
  version: v1alpha1
status:
  acceptedNames:
    kind: ""
    plural: ""
  conditions: []
  storedVersions: []

---
apiVersion: apiextensions.k8s.io/v1beta1
kind: CustomResourceDefinition
metadata:
  creationTimestamp: null
  labels:
    app: kudo-manager
    controller-tools.k8s.io: "1.0"
  name: instances.kudo.dev
spec:
  group: kudo.dev
  names:
    kind: Instance
    plural: instances
    singular: instance
  scope: Namespaced
  validation:
    openAPIV3Schema:
      properties:
        apiVersion:
          type: string
        kind:
          type: string
        meta:
          type: object
        spec:
          properties:
            OperatorVersion:
              description: Operator specifies a reference to a specific Operator object
              type: object
            dependencies:
              description: Dependency references specific
              items:
                properties:
                  crdVersion:
                    description: 'Version captures the requirements for what versions
                      of the above object are allowed Example: ^3.1.4'
                    type: string
                  referenceName:
                    description: Name specifies the name of the dependency.  Referenced
                      via this in defaults.config
                    type: string
                required:
                - referenceName
                - crdVersion
                type: object
              type: array
            parameters:
              type: object
          type: object
        status:
          properties:
            aggregatedStatus:
              type: object
            planStatus:
              type: object
          type: object
      type: object
  version: v1alpha1
status:
  acceptedNames:
    kind: ""
    plural: ""
  conditions: []
  storedVersions: []

---
apiVersion: v1
kind: Namespace
metadata:
  creationTimestamp: null
  labels:
    app: kudo-manager
    controller-tools.k8s.io: "1.0"
  name: kudo-system
spec: {}
status: {}

---
apiVersion: v1
kind: ServiceAccount
metadata:
  creationTimestamp: null
  labels:
    app: kudo-manager
  name: kudo-manager
  namespace: kudo-system

---
apiVersion: rbac.authorization.k8s.io/v1
kind: ClusterRoleBinding
metadata:
  creationTimestamp: null
  name: kudo-manager-rolebinding
roleRef:
  apiGroup: rbac.authorization.k8s.io
  kind: ClusterRole
  name: cluster-admin
subjects:
- kind: ServiceAccount
  name: kudo-manager
  namespace: kudo-system

---
apiVersion: v1
kind: Secret
metadata:
  creationTimestamp: null
  name: kudo-webhook-server-secret
  namespace: kudo-system

---
apiVersion: v1
kind: Service
metadata:
  creationTimestamp: null
  labels:
    app: kudo-manager
    control-plane: controller-manager
    controller-tools.k8s.io: "1.0"
  name: kudo-controller-manager-service
  namespace: kudo-system
spec:
  ports:
  - name: kudo
    port: 443
    targetPort: webhook-server
  selector:
    app: kudo-manager
    control-plane: controller-manager
    controller-tools.k8s.io: "1.0"
status:
  loadBalancer: {}

---
apiVersion: apps/v1
kind: StatefulSet
metadata:
  creationTimestamp: null
  labels:
    app: kudo-manager
    control-plane: controller-manager
    controller-tools.k8s.io: "1.0"
  name: kudo-controller-manager
  namespace: kudo-system
spec:
  selector:
    matchLabels:
      app: kudo-manager
      control-plane: controller-manager
      controller-tools.k8s.io: "1.0"
  serviceName: kudo-controller-manager-service
  template:
    metadata:
      creationTimestamp: null
      labels:
        app: kudo-manager
        control-plane: controller-manager
        controller-tools.k8s.io: "1.0"
    spec:
      containers:
      - command:
        - /root/manager
        env:
        - name: POD_NAMESPACE
          valueFrom:
            fieldRef:
              fieldPath: metadata.namespace
        - name: SECRET_NAME
          value: kudo-webhook-server-secret
        image: kudobuilder/controller:vdev
        imagePullPolicy: Always
        name: manager
        ports:
        - containerPort: 9876
          name: webhook-server
          protocol: TCP
        resources:
          requests:
            cpu: 100m
            memory: 50Mi
        volumeMounts:
        - mountPath: /tmp/cert
          name: cert
          readOnly: true
      serviceAccountName: kudo-manager
      terminationGracePeriodSeconds: 10
      volumes:
      - name: cert
        secret:
          defaultMode: 420
          secretName: kudo-webhook-server-secret
  updateStrategy: {}
status:
  replicas: 0

...
