---
apiVersion: apiextensions.k8s.io/v1beta1
kind: CustomResourceDefinition
metadata:
  creationTimestamp: null
  name: operators.kudo.dev
spec:
  group: kudo.dev
  names:
    kind: Operator
    plural: operators
    singular: operator
  scope: Namespaced
  validation:
    openAPIV3Schema:
      properties:
        apiVersion:
          type: string
        kind:
          type: string
        metadata:
          type: object
        spec:
          properties:
            description:
              type: string
            kubernetesVersion:
              type: string
            kudoVersion:
              type: string
            maintainers:
              items:
                properties:
                  email:
                    type: string
                  name:
                    type: string
                type: object
              type: array
            url:
              type: string
          type: object
        status:
          type: object
      type: object
  version: v1beta1
status:
  acceptedNames:
    kind: ""
    plural: ""
  conditions: []
  storedVersions: []

---
apiVersion: apiextensions.k8s.io/v1beta1
kind: CustomResourceDefinition
metadata:
  creationTimestamp: null
  name: operatorversions.kudo.dev
spec:
  group: kudo.dev
  names:
    kind: OperatorVersion
    plural: operatorversions
    singular: operatorversion
  scope: Namespaced
  validation:
    openAPIV3Schema:
      properties:
        apiVersion:
          type: string
        kind:
          type: string
        metadata:
          type: object
        spec:
          properties:
            connectionString:
              description: ConnectionString defines a templated string that can be
                used to connect to an instance of the Operator.
              type: string
            crdVersion:
              type: string
            operator:
              type: object
            parameters:
              items:
                properties:
                  default:
                    description: Default is a default value if no parameter is provided
                      by the instance.
                    type: string
                  description:
                    description: Description captures a longer description of how
                      the parameter will be used.
                    type: string
                  displayName:
                    description: DisplayName can be used by UIs.
                    type: string
                  name:
                    description: "Name is the string that should be used in the template
                      file for example, if `name: COUNT` then using the variable in
                      a spec like: \n spec:   replicas:  {{ .Params.COUNT }}"
                    type: string
                  required:
                    description: Required specifies if the parameter is required to
                      be provided by all instances, or whether a default can suffice.
                    type: boolean
                  trigger:
                    description: Trigger identifies the plan that gets executed when
                      this parameter changes in the Instance object. Default is `update`
                      if a plan with that name exists, otherwise it's `deploy`.
                    type: string
                type: object
              type: array
            plans:
              description: Plans maps a plan name to a plan.
              type: object
            tasks:
              description: List of all tasks available in this OperatorVersion.
              items:
                properties:
                  kind:
                    type: string
                  name:
                    type: string
                  spec:
                    type: object
                type: object
              type: array
            templates:
              description: Templates is a list of references to YAML templates located
                in the templates folder and later referenced from tasks.
              type: object
            upgradableFrom:
              description: UpgradableFrom lists all OperatorVersions that can upgrade
                to this OperatorVersion.
              items:
                type: object
              type: array
          type: object
        status:
          type: object
      type: object
  version: v1beta1
status:
  acceptedNames:
    kind: ""
    plural: ""
  conditions: []
  storedVersions: []

---
apiVersion: apiextensions.k8s.io/v1beta1
kind: CustomResourceDefinition
metadata:
  creationTimestamp: null
  name: instances.kudo.dev
spec:
  group: kudo.dev
  names:
    kind: Instance
    plural: instances
    singular: instance
  scope: Namespaced
  subresources:
    status: {}
  validation:
    openAPIV3Schema:
      properties:
        apiVersion:
          type: string
        kind:
          type: string
        metadata:
          type: object
        spec:
          properties:
            OperatorVersion:
              description: OperatorVersion specifies a reference to a specific OperatorVersion
                object.
              type: object
            parameters:
              type: object
          type: object
        status:
          properties:
            aggregatedStatus:
              type: object
            planStatus:
              type: object
          type: object
      type: object
  version: v1beta1
status:
  acceptedNames:
    kind: ""
    plural: ""
  conditions: []
  storedVersions: []

---
apiVersion: v1
kind: Namespace
metadata:
  creationTimestamp: null
  labels:
    app: kudo-manager
  name: kudo-system
spec: {}
status: {}

---
apiVersion: v1
kind: ServiceAccount
metadata:
  creationTimestamp: null
  labels:
    app: kudo-manager
  name: kudo-manager
  namespace: kudo-system

---
apiVersion: rbac.authorization.k8s.io/v1
kind: ClusterRoleBinding
metadata:
  creationTimestamp: null
  name: kudo-manager-rolebinding
roleRef:
  apiGroup: rbac.authorization.k8s.io
  kind: ClusterRole
  name: cluster-admin
subjects:
- kind: ServiceAccount
  name: kudo-manager
  namespace: kudo-system

---
apiVersion: admissionregistration.k8s.io/v1beta1
kind: ValidatingWebhookConfiguration
metadata:
  annotations:
    cert-manager.io/inject-ca-from: kudo-system/kudo-webhook-server-certificate
  creationTimestamp: null
  name: kudo-manager-instance-validation-webhook-config
webhooks:
- clientConfig:
    service:
      name: kudo-controller-manager-service
      namespace: kudo-system
      path: /validate-kudo-dev-v1beta1-instance
  failurePolicy: Fail
  matchPolicy: Equivalent
  name: instance-validation.kudo.dev
  rules:
  - apiGroups:
    - kudo.dev
    apiVersions:
    - v1beta1
    operations:
    - CREATE
    - UPDATE
    resources:
    - instances
    scope: Namespaced
  sideEffects: None

---
apiVersion: cert-manager.io/v1alpha2
kind: Issuer
metadata:
  name: selfsigned-issuer
  namespace: kudo-system
spec:
  selfSigned: {}

---
apiVersion: cert-manager.io/v1alpha2
kind: Certificate
metadata:
  name: kudo-webhook-server-certificate
  namespace: kudo-system
spec:
  commonName: kudo-controller-manager-service.kudo-system.svc
  dnsNames:
  - kudo-controller-manager-service.kudo-system.svc
  issuerRef:
    kind: Issuer
    name: selfsigned-issuer
  secretName: kudo-webhook-server-secret

---
apiVersion: v1
kind: Service
metadata:
  creationTimestamp: null
  labels:
    app: kudo-manager
    control-plane: controller-manager
  name: kudo-controller-manager-service
  namespace: kudo-system
spec:
  ports:
  - name: kudo
    port: 443
    targetPort: webhook-server
  selector:
    app: kudo-manager
    control-plane: controller-manager
status:
  loadBalancer: {}

---
apiVersion: apps/v1
kind: StatefulSet
metadata:
  creationTimestamp: null
  labels:
    app: kudo-manager
    control-plane: controller-manager
  name: kudo-controller-manager
  namespace: kudo-system
spec:
  selector:
    matchLabels:
      app: kudo-manager
      control-plane: controller-manager
  serviceName: kudo-controller-manager-service
  template:
    metadata:
      creationTimestamp: null
      labels:
        app: kudo-manager
        control-plane: controller-manager
    spec:
      containers:
      - command:
        - /root/manager
        env:
        - name: POD_NAMESPACE
          valueFrom:
            fieldRef:
              fieldPath: metadata.namespace
        - name: SECRET_NAME
          value: kudo-webhook-server-secret
        - name: ENABLE_WEBHOOKS
          value: "true"
        image: kudobuilder/controller:vdev
        imagePullPolicy: Always
        name: manager
        ports:
        - containerPort: 443
          name: webhook-server
          protocol: TCP
        resources:
          requests:
            cpu: 100m
            memory: 50Mi
        volumeMounts:
        - mountPath: /tmp/cert
          name: cert
          readOnly: true
      serviceAccountName: kudo-manager
      terminationGracePeriodSeconds: 10
      volumes:
      - name: cert
        secret:
          defaultMode: 420
          secretName: kudo-webhook-server-secret
  updateStrategy: {}
status:
  replicas: 0

...
