Warnings                                
parameter "Cpus" defined but not used.  
parameter "comma," defined but not used.
Errors                                                            
parameter "Cpus" has a duplicate                                  
parameter "comma," contains invalid character ','                 
"operatorVersion" is required and must be semver                  
plan "not-existing-plan" used in parameter "comma," is not defined
