plans
├── deploy (serial)
│   └── [phase]  zookeeper (parallel)
│       └── [step]  everything
│           ├── [apply]  infra
│           │   ├── services.yaml
│           │   └── pdb.yaml
│           └── [apply]  app
│               └── statefulset.yaml
└── validation (serial)
    └── [phase]  connection (parallel)
        └── [step]  connection
            └── [apply]  validation
                └── validation.yaml

