NAME      	URL                                                  
*community	https://kudo-repository.storage.googleapis.com/0.10.0
