Name 	Operator Version	App Version
mysql	0.2.0           	5.8        
     	0.1.0           	5.7        
