NAME      	URL                                              
*community	https://kudo-repository.storage.googleapis.com/v1
foo       	badurl                                           
