Name      	Kind 	Resources               
infra     	Apply	[services.yaml pdb.yaml]
app       	Apply	[statefulset.yaml]      
validation	Apply	[validation.yaml]       
