apiVersion: kudo.dev/v1beta1
kind: Instance
metadata:
  labels:
    kudo.dev/operator: zookeeper
  name: zk1
spec:
  operatorVersion:
    name: zookeeper-0.1.0
    type: OperatorVersions
  name: "zookeeper-0.1.0"
