apiVersion: kudo.dev/v1alpha1
kind: Instance
metadata:
  labels:
    controller-tools.k8s.io: "1.0"
    kudo.dev/operator: zookeeper
  name: zookeeper-xn8fg
spec:
  operatorVersion:
    name: zookeeper-0.1.0
    type: OperatorVersions
  name: "zookeeper-0.1.0"
