apiVersion: kudo.k8s.io/v1alpha1
kind: Instance
metadata:
  labels:
    controller-tools.k8s.io: "1.0"
    operator: zookeeper
  name: zookeeper-0.1.0
spec:
  operatorVersion:
    name: zookeeper-0.1.0
    namespace: default
    type: OperatorVersions
  name: "zookeeper-0.1.0"